Archive member included to satisfy reference by file (symbol)

c:/program files (x86)/atollic/truestudio for arm 7.1.2/armtools/bin/../lib/gcc/arm-atollic-eabi/5.3.1/../../../../arm-atollic-eabi/lib/armv7e-m/fpu\libc_nano.a(lib_a-init.o)
                              startup\startup_stm32f303xe.o (__libc_init_array)
c:/program files (x86)/atollic/truestudio for arm 7.1.2/armtools/bin/../lib/gcc/arm-atollic-eabi/5.3.1/armv7e-m/fpu\libgcc.a(_lshrdi3.o)
                              Drivers\STM32F3xx_HAL_Driver\Src\stm32f3xx_hal_flash.o (__aeabi_llsr)

Allocating common symbols
Common symbol       size              file

uwTick              0x4               Drivers\STM32F3xx_HAL_Driver\Src\stm32f3xx_hal.o
pFlash              0x20              Drivers\STM32F3xx_HAL_Driver\Src\stm32f3xx_hal_flash.o
SpiHandle           0x64              Src\main.o
aRxBuffer           0x73              Src\main.o

Discarded input sections

 .text          0x00000000        0x0 c:/program files (x86)/atollic/truestudio for arm 7.1.2/armtools/bin/../lib/gcc/arm-atollic-eabi/5.3.1/armv7e-m/fpu/crti.o
 .data          0x00000000        0x0 c:/program files (x86)/atollic/truestudio for arm 7.1.2/armtools/bin/../lib/gcc/arm-atollic-eabi/5.3.1/armv7e-m/fpu/crti.o
 .bss           0x00000000        0x0 c:/program files (x86)/atollic/truestudio for arm 7.1.2/armtools/bin/../lib/gcc/arm-atollic-eabi/5.3.1/armv7e-m/fpu/crti.o
 .data          0x00000000        0x4 c:/program files (x86)/atollic/truestudio for arm 7.1.2/armtools/bin/../lib/gcc/arm-atollic-eabi/5.3.1/armv7e-m/fpu/crtbegin.o
 .text          0x00000000        0x0 Drivers\STM32F3xx_HAL_Driver\Src\stm32f3xx_hal.o
 .data          0x00000000        0x0 Drivers\STM32F3xx_HAL_Driver\Src\stm32f3xx_hal.o
 .bss           0x00000000        0x0 Drivers\STM32F3xx_HAL_Driver\Src\stm32f3xx_hal.o
 .text.HAL_MspDeInit
                0x00000000        0x2 Drivers\STM32F3xx_HAL_Driver\Src\stm32f3xx_hal.o
 .text.HAL_DeInit
                0x00000000       0x24 Drivers\STM32F3xx_HAL_Driver\Src\stm32f3xx_hal.o
 .text.HAL_SuspendTick
                0x00000000       0x10 Drivers\STM32F3xx_HAL_Driver\Src\stm32f3xx_hal.o
 .text.HAL_ResumeTick
                0x00000000       0x10 Drivers\STM32F3xx_HAL_Driver\Src\stm32f3xx_hal.o
 .text.HAL_GetHalVersion
                0x00000000        0x8 Drivers\STM32F3xx_HAL_Driver\Src\stm32f3xx_hal.o
 .text.HAL_GetREVID
                0x00000000        0xc Drivers\STM32F3xx_HAL_Driver\Src\stm32f3xx_hal.o
 .text.HAL_GetDEVID
                0x00000000       0x10 Drivers\STM32F3xx_HAL_Driver\Src\stm32f3xx_hal.o
 .text.HAL_GetUIDw0
                0x00000000        0xc Drivers\STM32F3xx_HAL_Driver\Src\stm32f3xx_hal.o
 .text.HAL_GetUIDw1
                0x00000000        0xc Drivers\STM32F3xx_HAL_Driver\Src\stm32f3xx_hal.o
 .text.HAL_GetUIDw2
                0x00000000        0xc Drivers\STM32F3xx_HAL_Driver\Src\stm32f3xx_hal.o
 .text.HAL_DBGMCU_EnableDBGSleepMode
                0x00000000       0x10 Drivers\STM32F3xx_HAL_Driver\Src\stm32f3xx_hal.o
 .text.HAL_DBGMCU_DisableDBGSleepMode
                0x00000000       0x10 Drivers\STM32F3xx_HAL_Driver\Src\stm32f3xx_hal.o
 .text.HAL_DBGMCU_EnableDBGStopMode
                0x00000000       0x10 Drivers\STM32F3xx_HAL_Driver\Src\stm32f3xx_hal.o
 .text.HAL_DBGMCU_DisableDBGStopMode
                0x00000000       0x10 Drivers\STM32F3xx_HAL_Driver\Src\stm32f3xx_hal.o
 .text.HAL_DBGMCU_EnableDBGStandbyMode
                0x00000000       0x10 Drivers\STM32F3xx_HAL_Driver\Src\stm32f3xx_hal.o
 .text.HAL_DBGMCU_DisableDBGStandbyMode
                0x00000000       0x10 Drivers\STM32F3xx_HAL_Driver\Src\stm32f3xx_hal.o
 .text          0x00000000        0x0 Drivers\STM32F3xx_HAL_Driver\Src\stm32f3xx_hal_cortex.o
 .data          0x00000000        0x0 Drivers\STM32F3xx_HAL_Driver\Src\stm32f3xx_hal_cortex.o
 .bss           0x00000000        0x0 Drivers\STM32F3xx_HAL_Driver\Src\stm32f3xx_hal_cortex.o
 .text.HAL_NVIC_DisableIRQ
                0x00000000       0x1c Drivers\STM32F3xx_HAL_Driver\Src\stm32f3xx_hal_cortex.o
 .text.HAL_NVIC_SystemReset
                0x00000000       0x24 Drivers\STM32F3xx_HAL_Driver\Src\stm32f3xx_hal_cortex.o
 .text.HAL_MPU_Disable
                0x00000000       0x1c Drivers\STM32F3xx_HAL_Driver\Src\stm32f3xx_hal_cortex.o
 .text.HAL_MPU_Enable
                0x00000000       0x1c Drivers\STM32F3xx_HAL_Driver\Src\stm32f3xx_hal_cortex.o
 .text.HAL_MPU_ConfigRegion
                0x00000000       0x4c Drivers\STM32F3xx_HAL_Driver\Src\stm32f3xx_hal_cortex.o
 .text.HAL_NVIC_GetPriorityGrouping
                0x00000000       0x10 Drivers\STM32F3xx_HAL_Driver\Src\stm32f3xx_hal_cortex.o
 .text.HAL_NVIC_GetPriority
                0x00000000       0x58 Drivers\STM32F3xx_HAL_Driver\Src\stm32f3xx_hal_cortex.o
 .text.HAL_NVIC_SetPendingIRQ
                0x00000000       0x1c Drivers\STM32F3xx_HAL_Driver\Src\stm32f3xx_hal_cortex.o
 .text.HAL_NVIC_GetPendingIRQ
                0x00000000       0x1c Drivers\STM32F3xx_HAL_Driver\Src\stm32f3xx_hal_cortex.o
 .text.HAL_NVIC_ClearPendingIRQ
                0x00000000       0x1c Drivers\STM32F3xx_HAL_Driver\Src\stm32f3xx_hal_cortex.o
 .text.HAL_NVIC_GetActive
                0x00000000       0x1c Drivers\STM32F3xx_HAL_Driver\Src\stm32f3xx_hal_cortex.o
 .text.HAL_SYSTICK_CLKSourceConfig
                0x00000000       0x18 Drivers\STM32F3xx_HAL_Driver\Src\stm32f3xx_hal_cortex.o
 .text.HAL_SYSTICK_Callback
                0x00000000        0x2 Drivers\STM32F3xx_HAL_Driver\Src\stm32f3xx_hal_cortex.o
 .text.HAL_SYSTICK_IRQHandler
                0x00000000        0x8 Drivers\STM32F3xx_HAL_Driver\Src\stm32f3xx_hal_cortex.o
 .text          0x00000000        0x0 Drivers\STM32F3xx_HAL_Driver\Src\stm32f3xx_hal_dma.o
 .data          0x00000000        0x0 Drivers\STM32F3xx_HAL_Driver\Src\stm32f3xx_hal_dma.o
 .bss           0x00000000        0x0 Drivers\STM32F3xx_HAL_Driver\Src\stm32f3xx_hal_dma.o
 .text.DMA_CalcBaseAndBitshift
                0x00000000       0x44 Drivers\STM32F3xx_HAL_Driver\Src\stm32f3xx_hal_dma.o
 .text.HAL_DMA_Init
                0x00000000       0x56 Drivers\STM32F3xx_HAL_Driver\Src\stm32f3xx_hal_dma.o
 .text.HAL_DMA_DeInit
                0x00000000       0x38 Drivers\STM32F3xx_HAL_Driver\Src\stm32f3xx_hal_dma.o
 .text.HAL_DMA_Start
                0x00000000       0x60 Drivers\STM32F3xx_HAL_Driver\Src\stm32f3xx_hal_dma.o
 .text.HAL_DMA_Start_IT
                0x00000000       0x7e Drivers\STM32F3xx_HAL_Driver\Src\stm32f3xx_hal_dma.o
 .text.HAL_DMA_Abort
                0x00000000       0x2c Drivers\STM32F3xx_HAL_Driver\Src\stm32f3xx_hal_dma.o
 .text.HAL_DMA_Abort_IT
                0x00000000       0x48 Drivers\STM32F3xx_HAL_Driver\Src\stm32f3xx_hal_dma.o
 .text.HAL_DMA_PollForTransfer
                0x00000000       0xc0 Drivers\STM32F3xx_HAL_Driver\Src\stm32f3xx_hal_dma.o
 .text.HAL_DMA_IRQHandler
                0x00000000       0x90 Drivers\STM32F3xx_HAL_Driver\Src\stm32f3xx_hal_dma.o
 .text.HAL_DMA_RegisterCallback
                0x00000000       0x46 Drivers\STM32F3xx_HAL_Driver\Src\stm32f3xx_hal_dma.o
 .text.HAL_DMA_UnRegisterCallback
                0x00000000       0x4e Drivers\STM32F3xx_HAL_Driver\Src\stm32f3xx_hal_dma.o
 .text.HAL_DMA_GetState
                0x00000000        0x6 Drivers\STM32F3xx_HAL_Driver\Src\stm32f3xx_hal_dma.o
 .text.HAL_DMA_GetError
                0x00000000        0x4 Drivers\STM32F3xx_HAL_Driver\Src\stm32f3xx_hal_dma.o
 .debug_info    0x00000000      0x7cb Drivers\STM32F3xx_HAL_Driver\Src\stm32f3xx_hal_dma.o
 .debug_abbrev  0x00000000      0x226 Drivers\STM32F3xx_HAL_Driver\Src\stm32f3xx_hal_dma.o
 .debug_loc     0x00000000      0x599 Drivers\STM32F3xx_HAL_Driver\Src\stm32f3xx_hal_dma.o
 .debug_aranges
                0x00000000       0x80 Drivers\STM32F3xx_HAL_Driver\Src\stm32f3xx_hal_dma.o
 .debug_ranges  0x00000000       0xa8 Drivers\STM32F3xx_HAL_Driver\Src\stm32f3xx_hal_dma.o
 .debug_line    0x00000000      0x4b4 Drivers\STM32F3xx_HAL_Driver\Src\stm32f3xx_hal_dma.o
 .debug_str     0x00000000      0x6b2 Drivers\STM32F3xx_HAL_Driver\Src\stm32f3xx_hal_dma.o
 .comment       0x00000000       0x7f Drivers\STM32F3xx_HAL_Driver\Src\stm32f3xx_hal_dma.o
 .debug_frame   0x00000000      0x160 Drivers\STM32F3xx_HAL_Driver\Src\stm32f3xx_hal_dma.o
 .ARM.attributes
                0x00000000       0x39 Drivers\STM32F3xx_HAL_Driver\Src\stm32f3xx_hal_dma.o
 .text          0x00000000        0x0 Drivers\STM32F3xx_HAL_Driver\Src\stm32f3xx_hal_flash.o
 .data          0x00000000        0x0 Drivers\STM32F3xx_HAL_Driver\Src\stm32f3xx_hal_flash.o
 .bss           0x00000000        0x0 Drivers\STM32F3xx_HAL_Driver\Src\stm32f3xx_hal_flash.o
 .text.FLASH_SetErrorCode
                0x00000000       0x38 Drivers\STM32F3xx_HAL_Driver\Src\stm32f3xx_hal_flash.o
 .text.HAL_FLASH_Program_IT
                0x00000000       0x60 Drivers\STM32F3xx_HAL_Driver\Src\stm32f3xx_hal_flash.o
 .text.HAL_FLASH_EndOfOperationCallback
                0x00000000        0x2 Drivers\STM32F3xx_HAL_Driver\Src\stm32f3xx_hal_flash.o
 .text.HAL_FLASH_OperationErrorCallback
                0x00000000        0x2 Drivers\STM32F3xx_HAL_Driver\Src\stm32f3xx_hal_flash.o
 .text.HAL_FLASH_IRQHandler
                0x00000000      0x124 Drivers\STM32F3xx_HAL_Driver\Src\stm32f3xx_hal_flash.o
 .text.HAL_FLASH_Unlock
                0x00000000       0x24 Drivers\STM32F3xx_HAL_Driver\Src\stm32f3xx_hal_flash.o
 .text.HAL_FLASH_Lock
                0x00000000       0x14 Drivers\STM32F3xx_HAL_Driver\Src\stm32f3xx_hal_flash.o
 .text.HAL_FLASH_OB_Unlock
                0x00000000       0x24 Drivers\STM32F3xx_HAL_Driver\Src\stm32f3xx_hal_flash.o
 .text.HAL_FLASH_OB_Lock
                0x00000000       0x14 Drivers\STM32F3xx_HAL_Driver\Src\stm32f3xx_hal_flash.o
 .text.HAL_FLASH_GetError
                0x00000000        0xc Drivers\STM32F3xx_HAL_Driver\Src\stm32f3xx_hal_flash.o
 .text.FLASH_WaitForLastOperation
                0x00000000       0x54 Drivers\STM32F3xx_HAL_Driver\Src\stm32f3xx_hal_flash.o
 .text.HAL_FLASH_Program
                0x00000000       0x94 Drivers\STM32F3xx_HAL_Driver\Src\stm32f3xx_hal_flash.o
 .text.HAL_FLASH_OB_Launch
                0x00000000       0x18 Drivers\STM32F3xx_HAL_Driver\Src\stm32f3xx_hal_flash.o
 .debug_info    0x00000000      0x601 Drivers\STM32F3xx_HAL_Driver\Src\stm32f3xx_hal_flash.o
 .debug_abbrev  0x00000000      0x2ac Drivers\STM32F3xx_HAL_Driver\Src\stm32f3xx_hal_flash.o
 .debug_loc     0x00000000      0x2ff Drivers\STM32F3xx_HAL_Driver\Src\stm32f3xx_hal_flash.o
 .debug_aranges
                0x00000000       0x78 Drivers\STM32F3xx_HAL_Driver\Src\stm32f3xx_hal_flash.o
 .debug_ranges  0x00000000       0xb8 Drivers\STM32F3xx_HAL_Driver\Src\stm32f3xx_hal_flash.o
 .debug_line    0x00000000      0x3fa Drivers\STM32F3xx_HAL_Driver\Src\stm32f3xx_hal_flash.o
 .debug_str     0x00000000      0x596 Drivers\STM32F3xx_HAL_Driver\Src\stm32f3xx_hal_flash.o
 .comment       0x00000000       0x7f Drivers\STM32F3xx_HAL_Driver\Src\stm32f3xx_hal_flash.o
 .debug_frame   0x00000000      0x120 Drivers\STM32F3xx_HAL_Driver\Src\stm32f3xx_hal_flash.o
 .ARM.attributes
                0x00000000       0x39 Drivers\STM32F3xx_HAL_Driver\Src\stm32f3xx_hal_flash.o
 COMMON         0x00000000       0x20 Drivers\STM32F3xx_HAL_Driver\Src\stm32f3xx_hal_flash.o
 .text          0x00000000        0x0 Drivers\STM32F3xx_HAL_Driver\Src\stm32f3xx_hal_flash_ex.o
 .data          0x00000000        0x0 Drivers\STM32F3xx_HAL_Driver\Src\stm32f3xx_hal_flash_ex.o
 .bss           0x00000000        0x0 Drivers\STM32F3xx_HAL_Driver\Src\stm32f3xx_hal_flash_ex.o
 .text.FLASH_MassErase
                0x00000000       0x24 Drivers\STM32F3xx_HAL_Driver\Src\stm32f3xx_hal_flash_ex.o
 .text.FLASH_OB_RDP_LevelConfig
                0x00000000       0x64 Drivers\STM32F3xx_HAL_Driver\Src\stm32f3xx_hal_flash_ex.o
 .text.HAL_FLASHEx_OBErase
                0x00000000       0x60 Drivers\STM32F3xx_HAL_Driver\Src\stm32f3xx_hal_flash_ex.o
 .text.HAL_FLASHEx_OBProgram
                0x00000000      0x220 Drivers\STM32F3xx_HAL_Driver\Src\stm32f3xx_hal_flash_ex.o
 .text.HAL_FLASHEx_OBGetConfig
                0x00000000       0x40 Drivers\STM32F3xx_HAL_Driver\Src\stm32f3xx_hal_flash_ex.o
 .text.HAL_FLASHEx_OBGetUserData
                0x00000000       0x3c Drivers\STM32F3xx_HAL_Driver\Src\stm32f3xx_hal_flash_ex.o
 .text.FLASH_PageErase
                0x00000000       0x24 Drivers\STM32F3xx_HAL_Driver\Src\stm32f3xx_hal_flash_ex.o
 .text.HAL_FLASHEx_Erase
                0x00000000       0x9c Drivers\STM32F3xx_HAL_Driver\Src\stm32f3xx_hal_flash_ex.o
 .text.HAL_FLASHEx_Erase_IT
                0x00000000       0x54 Drivers\STM32F3xx_HAL_Driver\Src\stm32f3xx_hal_flash_ex.o
 .debug_info    0x00000000      0xb50 Drivers\STM32F3xx_HAL_Driver\Src\stm32f3xx_hal_flash_ex.o
 .debug_abbrev  0x00000000      0x2a9 Drivers\STM32F3xx_HAL_Driver\Src\stm32f3xx_hal_flash_ex.o
 .debug_loc     0x00000000      0x667 Drivers\STM32F3xx_HAL_Driver\Src\stm32f3xx_hal_flash_ex.o
 .debug_aranges
                0x00000000       0x60 Drivers\STM32F3xx_HAL_Driver\Src\stm32f3xx_hal_flash_ex.o
 .debug_ranges  0x00000000       0xa0 Drivers\STM32F3xx_HAL_Driver\Src\stm32f3xx_hal_flash_ex.o
 .debug_line    0x00000000      0x489 Drivers\STM32F3xx_HAL_Driver\Src\stm32f3xx_hal_flash_ex.o
 .debug_str     0x00000000      0x6e7 Drivers\STM32F3xx_HAL_Driver\Src\stm32f3xx_hal_flash_ex.o
 .comment       0x00000000       0x7f Drivers\STM32F3xx_HAL_Driver\Src\stm32f3xx_hal_flash_ex.o
 .debug_frame   0x00000000       0xf4 Drivers\STM32F3xx_HAL_Driver\Src\stm32f3xx_hal_flash_ex.o
 .ARM.attributes
                0x00000000       0x39 Drivers\STM32F3xx_HAL_Driver\Src\stm32f3xx_hal_flash_ex.o
 .text          0x00000000        0x0 Drivers\STM32F3xx_HAL_Driver\Src\stm32f3xx_hal_gpio.o
 .data          0x00000000        0x0 Drivers\STM32F3xx_HAL_Driver\Src\stm32f3xx_hal_gpio.o
 .bss           0x00000000        0x0 Drivers\STM32F3xx_HAL_Driver\Src\stm32f3xx_hal_gpio.o
 .text.HAL_GPIO_DeInit
                0x00000000      0x11c Drivers\STM32F3xx_HAL_Driver\Src\stm32f3xx_hal_gpio.o
 .text.HAL_GPIO_LockPin
                0x00000000       0x2a Drivers\STM32F3xx_HAL_Driver\Src\stm32f3xx_hal_gpio.o
 .text.HAL_GPIO_EXTI_Callback
                0x00000000        0x2 Drivers\STM32F3xx_HAL_Driver\Src\stm32f3xx_hal_gpio.o
 .text.HAL_GPIO_EXTI_IRQHandler
                0x00000000       0x18 Drivers\STM32F3xx_HAL_Driver\Src\stm32f3xx_hal_gpio.o
 .text          0x00000000        0x0 Drivers\STM32F3xx_HAL_Driver\Src\stm32f3xx_hal_i2c.o
 .data          0x00000000        0x0 Drivers\STM32F3xx_HAL_Driver\Src\stm32f3xx_hal_i2c.o
 .bss           0x00000000        0x0 Drivers\STM32F3xx_HAL_Driver\Src\stm32f3xx_hal_i2c.o
 .debug_info    0x00000000       0xa0 Drivers\STM32F3xx_HAL_Driver\Src\stm32f3xx_hal_i2c.o
 .debug_abbrev  0x00000000       0x4b Drivers\STM32F3xx_HAL_Driver\Src\stm32f3xx_hal_i2c.o
 .debug_aranges
                0x00000000       0x18 Drivers\STM32F3xx_HAL_Driver\Src\stm32f3xx_hal_i2c.o
 .debug_line    0x00000000      0x125 Drivers\STM32F3xx_HAL_Driver\Src\stm32f3xx_hal_i2c.o
 .debug_str     0x00000000      0x240 Drivers\STM32F3xx_HAL_Driver\Src\stm32f3xx_hal_i2c.o
 .comment       0x00000000       0x7f Drivers\STM32F3xx_HAL_Driver\Src\stm32f3xx_hal_i2c.o
 .ARM.attributes
                0x00000000       0x39 Drivers\STM32F3xx_HAL_Driver\Src\stm32f3xx_hal_i2c.o
 .text          0x00000000        0x0 Drivers\STM32F3xx_HAL_Driver\Src\stm32f3xx_hal_i2c_ex.o
 .data          0x00000000        0x0 Drivers\STM32F3xx_HAL_Driver\Src\stm32f3xx_hal_i2c_ex.o
 .bss           0x00000000        0x0 Drivers\STM32F3xx_HAL_Driver\Src\stm32f3xx_hal_i2c_ex.o
 .debug_info    0x00000000       0xa0 Drivers\STM32F3xx_HAL_Driver\Src\stm32f3xx_hal_i2c_ex.o
 .debug_abbrev  0x00000000       0x4b Drivers\STM32F3xx_HAL_Driver\Src\stm32f3xx_hal_i2c_ex.o
 .debug_aranges
                0x00000000       0x18 Drivers\STM32F3xx_HAL_Driver\Src\stm32f3xx_hal_i2c_ex.o
 .debug_line    0x00000000      0x125 Drivers\STM32F3xx_HAL_Driver\Src\stm32f3xx_hal_i2c_ex.o
 .debug_str     0x00000000      0x243 Drivers\STM32F3xx_HAL_Driver\Src\stm32f3xx_hal_i2c_ex.o
 .comment       0x00000000       0x7f Drivers\STM32F3xx_HAL_Driver\Src\stm32f3xx_hal_i2c_ex.o
 .ARM.attributes
                0x00000000       0x39 Drivers\STM32F3xx_HAL_Driver\Src\stm32f3xx_hal_i2c_ex.o
 .text          0x00000000        0x0 Drivers\STM32F3xx_HAL_Driver\Src\stm32f3xx_hal_pwr.o
 .data          0x00000000        0x0 Drivers\STM32F3xx_HAL_Driver\Src\stm32f3xx_hal_pwr.o
 .bss           0x00000000        0x0 Drivers\STM32F3xx_HAL_Driver\Src\stm32f3xx_hal_pwr.o
 .debug_info    0x00000000       0xa0 Drivers\STM32F3xx_HAL_Driver\Src\stm32f3xx_hal_pwr.o
 .debug_abbrev  0x00000000       0x4b Drivers\STM32F3xx_HAL_Driver\Src\stm32f3xx_hal_pwr.o
 .debug_aranges
                0x00000000       0x18 Drivers\STM32F3xx_HAL_Driver\Src\stm32f3xx_hal_pwr.o
 .debug_line    0x00000000      0x125 Drivers\STM32F3xx_HAL_Driver\Src\stm32f3xx_hal_pwr.o
 .debug_str     0x00000000      0x240 Drivers\STM32F3xx_HAL_Driver\Src\stm32f3xx_hal_pwr.o
 .comment       0x00000000       0x7f Drivers\STM32F3xx_HAL_Driver\Src\stm32f3xx_hal_pwr.o
 .ARM.attributes
                0x00000000       0x39 Drivers\STM32F3xx_HAL_Driver\Src\stm32f3xx_hal_pwr.o
 .text          0x00000000        0x0 Drivers\STM32F3xx_HAL_Driver\Src\stm32f3xx_hal_pwr_ex.o
 .data          0x00000000        0x0 Drivers\STM32F3xx_HAL_Driver\Src\stm32f3xx_hal_pwr_ex.o
 .bss           0x00000000        0x0 Drivers\STM32F3xx_HAL_Driver\Src\stm32f3xx_hal_pwr_ex.o
 .debug_info    0x00000000       0xa0 Drivers\STM32F3xx_HAL_Driver\Src\stm32f3xx_hal_pwr_ex.o
 .debug_abbrev  0x00000000       0x4b Drivers\STM32F3xx_HAL_Driver\Src\stm32f3xx_hal_pwr_ex.o
 .debug_aranges
                0x00000000       0x18 Drivers\STM32F3xx_HAL_Driver\Src\stm32f3xx_hal_pwr_ex.o
 .debug_line    0x00000000      0x125 Drivers\STM32F3xx_HAL_Driver\Src\stm32f3xx_hal_pwr_ex.o
 .debug_str     0x00000000      0x243 Drivers\STM32F3xx_HAL_Driver\Src\stm32f3xx_hal_pwr_ex.o
 .comment       0x00000000       0x7f Drivers\STM32F3xx_HAL_Driver\Src\stm32f3xx_hal_pwr_ex.o
 .ARM.attributes
                0x00000000       0x39 Drivers\STM32F3xx_HAL_Driver\Src\stm32f3xx_hal_pwr_ex.o
 .text          0x00000000        0x0 Drivers\STM32F3xx_HAL_Driver\Src\stm32f3xx_hal_rcc.o
 .data          0x00000000        0x0 Drivers\STM32F3xx_HAL_Driver\Src\stm32f3xx_hal_rcc.o
 .bss           0x00000000        0x0 Drivers\STM32F3xx_HAL_Driver\Src\stm32f3xx_hal_rcc.o
 .text.HAL_RCC_DeInit
                0x00000000       0x48 Drivers\STM32F3xx_HAL_Driver\Src\stm32f3xx_hal_rcc.o
 .text.HAL_RCC_MCOConfig
                0x00000000       0x50 Drivers\STM32F3xx_HAL_Driver\Src\stm32f3xx_hal_rcc.o
 .text.HAL_RCC_EnableCSS
                0x00000000       0x1c Drivers\STM32F3xx_HAL_Driver\Src\stm32f3xx_hal_rcc.o
 .text.HAL_RCC_DisableCSS
                0x00000000       0x1c Drivers\STM32F3xx_HAL_Driver\Src\stm32f3xx_hal_rcc.o
 .text.HAL_RCC_GetHCLKFreq
                0x00000000        0xc Drivers\STM32F3xx_HAL_Driver\Src\stm32f3xx_hal_rcc.o
 .text.HAL_RCC_GetPCLK1Freq
                0x00000000       0x30 Drivers\STM32F3xx_HAL_Driver\Src\stm32f3xx_hal_rcc.o
 .text.HAL_RCC_GetPCLK2Freq
                0x00000000       0x30 Drivers\STM32F3xx_HAL_Driver\Src\stm32f3xx_hal_rcc.o
 .text.HAL_RCC_GetOscConfig
                0x00000000       0x90 Drivers\STM32F3xx_HAL_Driver\Src\stm32f3xx_hal_rcc.o
 .text.HAL_RCC_GetClockConfig
                0x00000000       0x3c Drivers\STM32F3xx_HAL_Driver\Src\stm32f3xx_hal_rcc.o
 .text.HAL_RCC_CSSCallback
                0x00000000        0x2 Drivers\STM32F3xx_HAL_Driver\Src\stm32f3xx_hal_rcc.o
 .text.HAL_RCC_NMI_IRQHandler
                0x00000000       0x20 Drivers\STM32F3xx_HAL_Driver\Src\stm32f3xx_hal_rcc.o
 .text          0x00000000        0x0 Drivers\STM32F3xx_HAL_Driver\Src\stm32f3xx_hal_rcc_ex.o
 .data          0x00000000        0x0 Drivers\STM32F3xx_HAL_Driver\Src\stm32f3xx_hal_rcc_ex.o
 .bss           0x00000000        0x0 Drivers\STM32F3xx_HAL_Driver\Src\stm32f3xx_hal_rcc_ex.o
 .text.RCC_GetPLLCLKFreq
                0x00000000       0x28 Drivers\STM32F3xx_HAL_Driver\Src\stm32f3xx_hal_rcc_ex.o
 .text.HAL_RCCEx_PeriphCLKConfig
                0x00000000      0x288 Drivers\STM32F3xx_HAL_Driver\Src\stm32f3xx_hal_rcc_ex.o
 .text.HAL_RCCEx_GetPeriphCLKConfig
                0x00000000       0xb8 Drivers\STM32F3xx_HAL_Driver\Src\stm32f3xx_hal_rcc_ex.o
 .text.HAL_RCCEx_GetPeriphCLKFreq
                0x00000000      0x310 Drivers\STM32F3xx_HAL_Driver\Src\stm32f3xx_hal_rcc_ex.o
 .rodata        0x00000000       0x20 Drivers\STM32F3xx_HAL_Driver\Src\stm32f3xx_hal_rcc_ex.o
 .debug_info    0x00000000      0x70b Drivers\STM32F3xx_HAL_Driver\Src\stm32f3xx_hal_rcc_ex.o
 .debug_abbrev  0x00000000      0x25e Drivers\STM32F3xx_HAL_Driver\Src\stm32f3xx_hal_rcc_ex.o
 .debug_loc     0x00000000      0x863 Drivers\STM32F3xx_HAL_Driver\Src\stm32f3xx_hal_rcc_ex.o
 .debug_aranges
                0x00000000       0x38 Drivers\STM32F3xx_HAL_Driver\Src\stm32f3xx_hal_rcc_ex.o
 .debug_ranges  0x00000000       0x58 Drivers\STM32F3xx_HAL_Driver\Src\stm32f3xx_hal_rcc_ex.o
 .debug_line    0x00000000      0x4d3 Drivers\STM32F3xx_HAL_Driver\Src\stm32f3xx_hal_rcc_ex.o
 .debug_str     0x00000000      0x658 Drivers\STM32F3xx_HAL_Driver\Src\stm32f3xx_hal_rcc_ex.o
 .comment       0x00000000       0x7f Drivers\STM32F3xx_HAL_Driver\Src\stm32f3xx_hal_rcc_ex.o
 .debug_frame   0x00000000       0xb0 Drivers\STM32F3xx_HAL_Driver\Src\stm32f3xx_hal_rcc_ex.o
 .ARM.attributes
                0x00000000       0x39 Drivers\STM32F3xx_HAL_Driver\Src\stm32f3xx_hal_rcc_ex.o
 .text          0x00000000        0x0 Drivers\STM32F3xx_HAL_Driver\Src\stm32f3xx_hal_spi.o
 .data          0x00000000        0x0 Drivers\STM32F3xx_HAL_Driver\Src\stm32f3xx_hal_spi.o
 .bss           0x00000000        0x0 Drivers\STM32F3xx_HAL_Driver\Src\stm32f3xx_hal_spi.o
 .text.SPI_AbortRx_ISR
                0x00000000       0x80 Drivers\STM32F3xx_HAL_Driver\Src\stm32f3xx_hal_spi.o
 .text.SPI_AbortTx_ISR
                0x00000000       0x80 Drivers\STM32F3xx_HAL_Driver\Src\stm32f3xx_hal_spi.o
 .text.SPI_EndRxTransaction
                0x00000000       0x72 Drivers\STM32F3xx_HAL_Driver\Src\stm32f3xx_hal_spi.o
 .text.HAL_SPI_MspInit
                0x00000000        0x2 Drivers\STM32F3xx_HAL_Driver\Src\stm32f3xx_hal_spi.o
 .text.HAL_SPI_MspDeInit
                0x00000000        0x2 Drivers\STM32F3xx_HAL_Driver\Src\stm32f3xx_hal_spi.o
 .text.HAL_SPI_DeInit
                0x00000000       0x2c Drivers\STM32F3xx_HAL_Driver\Src\stm32f3xx_hal_spi.o
 .text.HAL_SPI_Receive
                0x00000000      0x22e Drivers\STM32F3xx_HAL_Driver\Src\stm32f3xx_hal_spi.o
 .text.HAL_SPI_Transmit_IT
                0x00000000       0xa8 Drivers\STM32F3xx_HAL_Driver\Src\stm32f3xx_hal_spi.o
 .text.HAL_SPI_TransmitReceive_IT
                0x00000000      0x108 Drivers\STM32F3xx_HAL_Driver\Src\stm32f3xx_hal_spi.o
 .text.HAL_SPI_Receive_IT
                0x00000000       0xf4 Drivers\STM32F3xx_HAL_Driver\Src\stm32f3xx_hal_spi.o
 .text.HAL_SPI_Transmit_DMA
                0x00000000      0x108 Drivers\STM32F3xx_HAL_Driver\Src\stm32f3xx_hal_spi.o
 .text.HAL_SPI_TransmitReceive_DMA
                0x00000000      0x1b4 Drivers\STM32F3xx_HAL_Driver\Src\stm32f3xx_hal_spi.o
 .text.HAL_SPI_Receive_DMA
                0x00000000      0x14c Drivers\STM32F3xx_HAL_Driver\Src\stm32f3xx_hal_spi.o
 .text.HAL_SPI_Abort
                0x00000000      0x174 Drivers\STM32F3xx_HAL_Driver\Src\stm32f3xx_hal_spi.o
 .text.HAL_SPI_DMAPause
                0x00000000       0x20 Drivers\STM32F3xx_HAL_Driver\Src\stm32f3xx_hal_spi.o
 .text.HAL_SPI_DMAResume
                0x00000000       0x20 Drivers\STM32F3xx_HAL_Driver\Src\stm32f3xx_hal_spi.o
 .text.HAL_SPI_DMAStop
                0x00000000       0x28 Drivers\STM32F3xx_HAL_Driver\Src\stm32f3xx_hal_spi.o
 .text.HAL_SPI_TxCpltCallback
                0x00000000        0x2 Drivers\STM32F3xx_HAL_Driver\Src\stm32f3xx_hal_spi.o
 .text.HAL_SPI_RxCpltCallback
                0x00000000        0x2 Drivers\STM32F3xx_HAL_Driver\Src\stm32f3xx_hal_spi.o
 .text.HAL_SPI_TxRxCpltCallback
                0x00000000        0x2 Drivers\STM32F3xx_HAL_Driver\Src\stm32f3xx_hal_spi.o
 .text.HAL_SPI_TxHalfCpltCallback
                0x00000000        0x2 Drivers\STM32F3xx_HAL_Driver\Src\stm32f3xx_hal_spi.o
 .text.SPI_DMAHalfTransmitCplt
                0x00000000        0xa Drivers\STM32F3xx_HAL_Driver\Src\stm32f3xx_hal_spi.o
 .text.HAL_SPI_RxHalfCpltCallback
                0x00000000        0x2 Drivers\STM32F3xx_HAL_Driver\Src\stm32f3xx_hal_spi.o
 .text.SPI_DMAHalfReceiveCplt
                0x00000000        0xa Drivers\STM32F3xx_HAL_Driver\Src\stm32f3xx_hal_spi.o
 .text.HAL_SPI_TxRxHalfCpltCallback
                0x00000000        0x2 Drivers\STM32F3xx_HAL_Driver\Src\stm32f3xx_hal_spi.o
 .text.SPI_DMAHalfTransmitReceiveCplt
                0x00000000        0xa Drivers\STM32F3xx_HAL_Driver\Src\stm32f3xx_hal_spi.o
 .text.HAL_SPI_ErrorCallback
                0x00000000        0x2 Drivers\STM32F3xx_HAL_Driver\Src\stm32f3xx_hal_spi.o
 .text.SPI_CloseTx_ISR
                0x00000000       0x52 Drivers\STM32F3xx_HAL_Driver\Src\stm32f3xx_hal_spi.o
 .text.SPI_TxISR_8BIT
                0x00000000       0x32 Drivers\STM32F3xx_HAL_Driver\Src\stm32f3xx_hal_spi.o
 .text.SPI_TxISR_16BIT
                0x00000000       0x30 Drivers\STM32F3xx_HAL_Driver\Src\stm32f3xx_hal_spi.o
 .text.SPI_CloseRx_ISR
                0x00000000       0x58 Drivers\STM32F3xx_HAL_Driver\Src\stm32f3xx_hal_spi.o
 .text.SPI_RxISR_8BIT
                0x00000000       0x54 Drivers\STM32F3xx_HAL_Driver\Src\stm32f3xx_hal_spi.o
 .text.SPI_RxISR_8BITCRC
                0x00000000       0x28 Drivers\STM32F3xx_HAL_Driver\Src\stm32f3xx_hal_spi.o
 .text.SPI_RxISR_16BIT
                0x00000000       0x54 Drivers\STM32F3xx_HAL_Driver\Src\stm32f3xx_hal_spi.o
 .text.SPI_RxISR_16BITCRC
                0x00000000       0x28 Drivers\STM32F3xx_HAL_Driver\Src\stm32f3xx_hal_spi.o
 .text.SPI_CloseRxTx_ISR
                0x00000000       0x72 Drivers\STM32F3xx_HAL_Driver\Src\stm32f3xx_hal_spi.o
 .text.SPI_2linesTxISR_8BIT
                0x00000000       0x62 Drivers\STM32F3xx_HAL_Driver\Src\stm32f3xx_hal_spi.o
 .text.SPI_2linesRxISR_8BIT
                0x00000000       0x80 Drivers\STM32F3xx_HAL_Driver\Src\stm32f3xx_hal_spi.o
 .text.SPI_2linesRxISR_8BITCRC
                0x00000000       0x36 Drivers\STM32F3xx_HAL_Driver\Src\stm32f3xx_hal_spi.o
 .text.SPI_2linesTxISR_16BIT
                0x00000000       0x54 Drivers\STM32F3xx_HAL_Driver\Src\stm32f3xx_hal_spi.o
 .text.SPI_2linesRxISR_16BIT
                0x00000000       0x50 Drivers\STM32F3xx_HAL_Driver\Src\stm32f3xx_hal_spi.o
 .text.SPI_2linesRxISR_16BITCRC
                0x00000000       0x28 Drivers\STM32F3xx_HAL_Driver\Src\stm32f3xx_hal_spi.o
 .text.SPI_DMAError
                0x00000000       0x22 Drivers\STM32F3xx_HAL_Driver\Src\stm32f3xx_hal_spi.o
 .text.SPI_DMATransmitCplt
                0x00000000       0x6a Drivers\STM32F3xx_HAL_Driver\Src\stm32f3xx_hal_spi.o
 .text.SPI_DMAReceiveCplt
                0x00000000       0xda Drivers\STM32F3xx_HAL_Driver\Src\stm32f3xx_hal_spi.o
 .text.SPI_DMATransmitReceiveCplt
                0x00000000       0xdc Drivers\STM32F3xx_HAL_Driver\Src\stm32f3xx_hal_spi.o
 .text.HAL_SPI_IRQHandler
                0x00000000       0xe4 Drivers\STM32F3xx_HAL_Driver\Src\stm32f3xx_hal_spi.o
 .text.SPI_DMAAbortOnError
                0x00000000       0x12 Drivers\STM32F3xx_HAL_Driver\Src\stm32f3xx_hal_spi.o
 .text.HAL_SPI_AbortCpltCallback
                0x00000000        0x2 Drivers\STM32F3xx_HAL_Driver\Src\stm32f3xx_hal_spi.o
 .text.HAL_SPI_Abort_IT
                0x00000000      0x168 Drivers\STM32F3xx_HAL_Driver\Src\stm32f3xx_hal_spi.o
 .text.SPI_DMARxAbortCallback
                0x00000000       0x8e Drivers\STM32F3xx_HAL_Driver\Src\stm32f3xx_hal_spi.o
 .text.SPI_DMATxAbortCallback
                0x00000000       0x8a Drivers\STM32F3xx_HAL_Driver\Src\stm32f3xx_hal_spi.o
 .text.HAL_SPI_GetState
                0x00000000        0x6 Drivers\STM32F3xx_HAL_Driver\Src\stm32f3xx_hal_spi.o
 .text.HAL_SPI_GetError
                0x00000000        0x4 Drivers\STM32F3xx_HAL_Driver\Src\stm32f3xx_hal_spi.o
 .text          0x00000000        0x0 Drivers\STM32F3xx_HAL_Driver\Src\stm32f3xx_hal_spi_ex.o
 .data          0x00000000        0x0 Drivers\STM32F3xx_HAL_Driver\Src\stm32f3xx_hal_spi_ex.o
 .bss           0x00000000        0x0 Drivers\STM32F3xx_HAL_Driver\Src\stm32f3xx_hal_spi_ex.o
 .text.HAL_SPIEx_FlushRxFifo
                0x00000000       0x22 Drivers\STM32F3xx_HAL_Driver\Src\stm32f3xx_hal_spi_ex.o
 .debug_info    0x00000000      0x5fa Drivers\STM32F3xx_HAL_Driver\Src\stm32f3xx_hal_spi_ex.o
 .debug_abbrev  0x00000000      0x142 Drivers\STM32F3xx_HAL_Driver\Src\stm32f3xx_hal_spi_ex.o
 .debug_loc     0x00000000       0x53 Drivers\STM32F3xx_HAL_Driver\Src\stm32f3xx_hal_spi_ex.o
 .debug_aranges
                0x00000000       0x20 Drivers\STM32F3xx_HAL_Driver\Src\stm32f3xx_hal_spi_ex.o
 .debug_ranges  0x00000000       0x10 Drivers\STM32F3xx_HAL_Driver\Src\stm32f3xx_hal_spi_ex.o
 .debug_line    0x00000000      0x223 Drivers\STM32F3xx_HAL_Driver\Src\stm32f3xx_hal_spi_ex.o
 .debug_str     0x00000000      0x6ab Drivers\STM32F3xx_HAL_Driver\Src\stm32f3xx_hal_spi_ex.o
 .comment       0x00000000       0x7f Drivers\STM32F3xx_HAL_Driver\Src\stm32f3xx_hal_spi_ex.o
 .debug_frame   0x00000000       0x28 Drivers\STM32F3xx_HAL_Driver\Src\stm32f3xx_hal_spi_ex.o
 .ARM.attributes
                0x00000000       0x39 Drivers\STM32F3xx_HAL_Driver\Src\stm32f3xx_hal_spi_ex.o
 .text          0x00000000        0x0 Drivers\STM32F3xx_HAL_Driver\Src\stm32f3xx_hal_tim.o
 .data          0x00000000        0x0 Drivers\STM32F3xx_HAL_Driver\Src\stm32f3xx_hal_tim.o
 .bss           0x00000000        0x0 Drivers\STM32F3xx_HAL_Driver\Src\stm32f3xx_hal_tim.o
 .debug_info    0x00000000       0xa0 Drivers\STM32F3xx_HAL_Driver\Src\stm32f3xx_hal_tim.o
 .debug_abbrev  0x00000000       0x4b Drivers\STM32F3xx_HAL_Driver\Src\stm32f3xx_hal_tim.o
 .debug_aranges
                0x00000000       0x18 Drivers\STM32F3xx_HAL_Driver\Src\stm32f3xx_hal_tim.o
 .debug_line    0x00000000      0x125 Drivers\STM32F3xx_HAL_Driver\Src\stm32f3xx_hal_tim.o
 .debug_str     0x00000000      0x240 Drivers\STM32F3xx_HAL_Driver\Src\stm32f3xx_hal_tim.o
 .comment       0x00000000       0x7f Drivers\STM32F3xx_HAL_Driver\Src\stm32f3xx_hal_tim.o
 .ARM.attributes
                0x00000000       0x39 Drivers\STM32F3xx_HAL_Driver\Src\stm32f3xx_hal_tim.o
 .text          0x00000000        0x0 Drivers\STM32F3xx_HAL_Driver\Src\stm32f3xx_hal_tim_ex.o
 .data          0x00000000        0x0 Drivers\STM32F3xx_HAL_Driver\Src\stm32f3xx_hal_tim_ex.o
 .bss           0x00000000        0x0 Drivers\STM32F3xx_HAL_Driver\Src\stm32f3xx_hal_tim_ex.o
 .debug_info    0x00000000       0xa0 Drivers\STM32F3xx_HAL_Driver\Src\stm32f3xx_hal_tim_ex.o
 .debug_abbrev  0x00000000       0x4b Drivers\STM32F3xx_HAL_Driver\Src\stm32f3xx_hal_tim_ex.o
 .debug_aranges
                0x00000000       0x18 Drivers\STM32F3xx_HAL_Driver\Src\stm32f3xx_hal_tim_ex.o
 .debug_line    0x00000000      0x125 Drivers\STM32F3xx_HAL_Driver\Src\stm32f3xx_hal_tim_ex.o
 .debug_str     0x00000000      0x243 Drivers\STM32F3xx_HAL_Driver\Src\stm32f3xx_hal_tim_ex.o
 .comment       0x00000000       0x7f Drivers\STM32F3xx_HAL_Driver\Src\stm32f3xx_hal_tim_ex.o
 .ARM.attributes
                0x00000000       0x39 Drivers\STM32F3xx_HAL_Driver\Src\stm32f3xx_hal_tim_ex.o
 .text          0x00000000        0x0 Src\main.o
 .data          0x00000000        0x0 Src\main.o
 .bss           0x00000000        0x0 Src\main.o
 .data.aTxBuffer
                0x00000000       0x74 Src\main.o
 .text          0x00000000        0x0 Src\stm32f3xx_hal_msp.o
 .data          0x00000000        0x0 Src\stm32f3xx_hal_msp.o
 .bss           0x00000000        0x0 Src\stm32f3xx_hal_msp.o
 .text.HAL_SPI_MspDeInit
                0x00000000       0x4c Src\stm32f3xx_hal_msp.o
 .text          0x00000000        0x0 Src\stm32f3xx_it.o
 .data          0x00000000        0x0 Src\stm32f3xx_it.o
 .bss           0x00000000        0x0 Src\stm32f3xx_it.o
 .text          0x00000000        0x0 Src\stm32f3xx_nucleo.o
 .data          0x00000000        0x0 Src\stm32f3xx_nucleo.o
 .bss           0x00000000        0x0 Src\stm32f3xx_nucleo.o
 .text.SPIx_Init
                0x00000000       0xcc Src\stm32f3xx_nucleo.o
 .text.SPIx_Error
                0x00000000       0x14 Src\stm32f3xx_nucleo.o
 .text.SPIx_Read
                0x00000000       0x34 Src\stm32f3xx_nucleo.o
 .text.SPIx_Write
                0x00000000       0x30 Src\stm32f3xx_nucleo.o
 .text.BSP_GetVersion
                0x00000000        0x8 Src\stm32f3xx_nucleo.o
 .text.BSP_LED_DeInit
                0x00000000       0x24 Src\stm32f3xx_nucleo.o
 .text.BSP_LED_On
                0x00000000       0x14 Src\stm32f3xx_nucleo.o
 .text.BSP_PB_DeInit
                0x00000000       0x20 Src\stm32f3xx_nucleo.o
 .text.SD_IO_CSState
                0x00000000       0x18 Src\stm32f3xx_nucleo.o
 .text.SD_IO_WriteReadData
                0x00000000       0x30 Src\stm32f3xx_nucleo.o
 .text.SD_IO_ReadByte
                0x00000000        0xa Src\stm32f3xx_nucleo.o
 .text.SD_IO_WaitResponse
                0x00000000       0x26 Src\stm32f3xx_nucleo.o
 .text.SD_IO_WriteByte
                0x00000000       0x34 Src\stm32f3xx_nucleo.o
 .text.SD_IO_Init
                0x00000000       0x58 Src\stm32f3xx_nucleo.o
 .text.SD_IO_WriteCmd
                0x00000000       0x5c Src\stm32f3xx_nucleo.o
 .text.SD_IO_WriteDummy
                0x00000000       0x1c Src\stm32f3xx_nucleo.o
 .text.LCD_IO_Init
                0x00000000       0x70 Src\stm32f3xx_nucleo.o
 .text.LCD_IO_WriteReg
                0x00000000       0x38 Src\stm32f3xx_nucleo.o
 .text.LCD_IO_WriteData
                0x00000000       0x38 Src\stm32f3xx_nucleo.o
 .text.LCD_IO_WriteMultipleData
                0x00000000       0x7c Src\stm32f3xx_nucleo.o
 .text.LCD_Delay
                0x00000000        0x4 Src\stm32f3xx_nucleo.o
 .rodata.BUTTON_IRQn
                0x00000000        0x1 Src\stm32f3xx_nucleo.o
 .bss.hnucleo_Spi
                0x00000000       0x64 Src\stm32f3xx_nucleo.o
 .rodata.BUTTON_PIN
                0x00000000        0x2 Src\stm32f3xx_nucleo.o
 .data.SpixTimeout
                0x00000000        0x4 Src\stm32f3xx_nucleo.o
 .rodata.LED_PIN
                0x00000000        0x2 Src\stm32f3xx_nucleo.o
 .text          0x00000000        0x0 Src\system_stm32f3xx.o
 .data          0x00000000        0x0 Src\system_stm32f3xx.o
 .bss           0x00000000        0x0 Src\system_stm32f3xx.o
 .text.SystemCoreClockUpdate
                0x00000000       0x54 Src\system_stm32f3xx.o
 .rodata.APBPrescTable
                0x00000000        0x8 Src\system_stm32f3xx.o
 .text          0x00000000       0x14 startup\startup_stm32f303xe.o
 .data          0x00000000        0x0 startup\startup_stm32f303xe.o
 .bss           0x00000000        0x0 startup\startup_stm32f303xe.o
 .text          0x00000000        0x0 c:/program files (x86)/atollic/truestudio for arm 7.1.2/armtools/bin/../lib/gcc/arm-atollic-eabi/5.3.1/../../../../arm-atollic-eabi/lib/armv7e-m/fpu\libc_nano.a(lib_a-init.o)
 .data          0x00000000        0x0 c:/program files (x86)/atollic/truestudio for arm 7.1.2/armtools/bin/../lib/gcc/arm-atollic-eabi/5.3.1/../../../../arm-atollic-eabi/lib/armv7e-m/fpu\libc_nano.a(lib_a-init.o)
 .bss           0x00000000        0x0 c:/program files (x86)/atollic/truestudio for arm 7.1.2/armtools/bin/../lib/gcc/arm-atollic-eabi/5.3.1/../../../../arm-atollic-eabi/lib/armv7e-m/fpu\libc_nano.a(lib_a-init.o)
 .text          0x00000000       0x18 c:/program files (x86)/atollic/truestudio for arm 7.1.2/armtools/bin/../lib/gcc/arm-atollic-eabi/5.3.1/armv7e-m/fpu\libgcc.a(_lshrdi3.o)
 .data          0x00000000        0x0 c:/program files (x86)/atollic/truestudio for arm 7.1.2/armtools/bin/../lib/gcc/arm-atollic-eabi/5.3.1/armv7e-m/fpu\libgcc.a(_lshrdi3.o)
 .bss           0x00000000        0x0 c:/program files (x86)/atollic/truestudio for arm 7.1.2/armtools/bin/../lib/gcc/arm-atollic-eabi/5.3.1/armv7e-m/fpu\libgcc.a(_lshrdi3.o)
 .ARM.attributes
                0x00000000       0x22 c:/program files (x86)/atollic/truestudio for arm 7.1.2/armtools/bin/../lib/gcc/arm-atollic-eabi/5.3.1/armv7e-m/fpu\libgcc.a(_lshrdi3.o)
 .text          0x00000000        0x0 c:/program files (x86)/atollic/truestudio for arm 7.1.2/armtools/bin/../lib/gcc/arm-atollic-eabi/5.3.1/armv7e-m/fpu/crtend.o
 .data          0x00000000        0x0 c:/program files (x86)/atollic/truestudio for arm 7.1.2/armtools/bin/../lib/gcc/arm-atollic-eabi/5.3.1/armv7e-m/fpu/crtend.o
 .bss           0x00000000        0x0 c:/program files (x86)/atollic/truestudio for arm 7.1.2/armtools/bin/../lib/gcc/arm-atollic-eabi/5.3.1/armv7e-m/fpu/crtend.o
 .eh_frame      0x00000000        0x4 c:/program files (x86)/atollic/truestudio for arm 7.1.2/armtools/bin/../lib/gcc/arm-atollic-eabi/5.3.1/armv7e-m/fpu/crtend.o
 .ARM.attributes
                0x00000000       0x34 c:/program files (x86)/atollic/truestudio for arm 7.1.2/armtools/bin/../lib/gcc/arm-atollic-eabi/5.3.1/armv7e-m/fpu/crtend.o
 .text          0x00000000        0x0 c:/program files (x86)/atollic/truestudio for arm 7.1.2/armtools/bin/../lib/gcc/arm-atollic-eabi/5.3.1/armv7e-m/fpu/crtn.o
 .data          0x00000000        0x0 c:/program files (x86)/atollic/truestudio for arm 7.1.2/armtools/bin/../lib/gcc/arm-atollic-eabi/5.3.1/armv7e-m/fpu/crtn.o
 .bss           0x00000000        0x0 c:/program files (x86)/atollic/truestudio for arm 7.1.2/armtools/bin/../lib/gcc/arm-atollic-eabi/5.3.1/armv7e-m/fpu/crtn.o

Memory Configuration

Name             Origin             Length             Attributes
RAM              0x20000000         0x00010000         xrw
CCMRAM           0x10000000         0x00004000         rw
FLASH            0x08000000         0x00080000         xr
*default*        0x00000000         0xffffffff

Linker script and memory map

LOAD c:/program files (x86)/atollic/truestudio for arm 7.1.2/armtools/bin/../lib/gcc/arm-atollic-eabi/5.3.1/armv7e-m/fpu/crti.o
LOAD c:/program files (x86)/atollic/truestudio for arm 7.1.2/armtools/bin/../lib/gcc/arm-atollic-eabi/5.3.1/armv7e-m/fpu/crtbegin.o
LOAD Drivers\STM32F3xx_HAL_Driver\Src\stm32f3xx_hal.o
LOAD Drivers\STM32F3xx_HAL_Driver\Src\stm32f3xx_hal_cortex.o
LOAD Drivers\STM32F3xx_HAL_Driver\Src\stm32f3xx_hal_dma.o
LOAD Drivers\STM32F3xx_HAL_Driver\Src\stm32f3xx_hal_flash.o
LOAD Drivers\STM32F3xx_HAL_Driver\Src\stm32f3xx_hal_flash_ex.o
LOAD Drivers\STM32F3xx_HAL_Driver\Src\stm32f3xx_hal_gpio.o
LOAD Drivers\STM32F3xx_HAL_Driver\Src\stm32f3xx_hal_i2c.o
LOAD Drivers\STM32F3xx_HAL_Driver\Src\stm32f3xx_hal_i2c_ex.o
LOAD Drivers\STM32F3xx_HAL_Driver\Src\stm32f3xx_hal_pwr.o
LOAD Drivers\STM32F3xx_HAL_Driver\Src\stm32f3xx_hal_pwr_ex.o
LOAD Drivers\STM32F3xx_HAL_Driver\Src\stm32f3xx_hal_rcc.o
LOAD Drivers\STM32F3xx_HAL_Driver\Src\stm32f3xx_hal_rcc_ex.o
LOAD Drivers\STM32F3xx_HAL_Driver\Src\stm32f3xx_hal_spi.o
LOAD Drivers\STM32F3xx_HAL_Driver\Src\stm32f3xx_hal_spi_ex.o
LOAD Drivers\STM32F3xx_HAL_Driver\Src\stm32f3xx_hal_tim.o
LOAD Drivers\STM32F3xx_HAL_Driver\Src\stm32f3xx_hal_tim_ex.o
LOAD Src\main.o
LOAD Src\stm32f3xx_hal_msp.o
LOAD Src\stm32f3xx_it.o
LOAD Src\stm32f3xx_nucleo.o
LOAD Src\system_stm32f3xx.o
LOAD startup\startup_stm32f303xe.o
START GROUP
LOAD c:/program files (x86)/atollic/truestudio for arm 7.1.2/armtools/bin/../lib/gcc/arm-atollic-eabi/5.3.1/../../../../arm-atollic-eabi/lib/armv7e-m/fpu\libc_nano.a
LOAD c:/program files (x86)/atollic/truestudio for arm 7.1.2/armtools/bin/../lib/gcc/arm-atollic-eabi/5.3.1/../../../../arm-atollic-eabi/lib/armv7e-m/fpu\libm.a
END GROUP
                0x00000080                malloc_getpagesize_P = 0x80
START GROUP
LOAD c:/program files (x86)/atollic/truestudio for arm 7.1.2/armtools/bin/../lib/gcc/arm-atollic-eabi/5.3.1/armv7e-m/fpu\libgcc.a
LOAD c:/program files (x86)/atollic/truestudio for arm 7.1.2/armtools/bin/../lib/gcc/arm-atollic-eabi/5.3.1/../../../../arm-atollic-eabi/lib/armv7e-m/fpu\libc_nano.a
END GROUP
START GROUP
LOAD c:/program files (x86)/atollic/truestudio for arm 7.1.2/armtools/bin/../lib/gcc/arm-atollic-eabi/5.3.1/armv7e-m/fpu\libgcc.a
LOAD c:/program files (x86)/atollic/truestudio for arm 7.1.2/armtools/bin/../lib/gcc/arm-atollic-eabi/5.3.1/../../../../arm-atollic-eabi/lib/armv7e-m/fpu\libc_nano.a
LOAD c:/program files (x86)/atollic/truestudio for arm 7.1.2/armtools/bin/../lib/gcc/arm-atollic-eabi/5.3.1/../../../../arm-atollic-eabi/lib/armv7e-m/fpu\libnosys.a
END GROUP
START GROUP
LOAD c:/program files (x86)/atollic/truestudio for arm 7.1.2/armtools/bin/../lib/gcc/arm-atollic-eabi/5.3.1/armv7e-m/fpu\libgcc.a
LOAD c:/program files (x86)/atollic/truestudio for arm 7.1.2/armtools/bin/../lib/gcc/arm-atollic-eabi/5.3.1/../../../../arm-atollic-eabi/lib/armv7e-m/fpu\libc_nano.a
LOAD c:/program files (x86)/atollic/truestudio for arm 7.1.2/armtools/bin/../lib/gcc/arm-atollic-eabi/5.3.1/../../../../arm-atollic-eabi/lib/armv7e-m/fpu\libnosys.a
END GROUP
LOAD c:/program files (x86)/atollic/truestudio for arm 7.1.2/armtools/bin/../lib/gcc/arm-atollic-eabi/5.3.1/armv7e-m/fpu/crtend.o
LOAD c:/program files (x86)/atollic/truestudio for arm 7.1.2/armtools/bin/../lib/gcc/arm-atollic-eabi/5.3.1/armv7e-m/fpu/crtn.o
                0x20010000                _estack = 0x20010000
                0x00000200                _Min_Heap_Size = 0x200
                0x00000400                _Min_Stack_Size = 0x400

.isr_vector     0x08000000      0x194
                0x08000000                . = ALIGN (0x4)
 *(.isr_vector)
 .isr_vector    0x08000000      0x194 startup\startup_stm32f303xe.o
                0x08000000                g_pfnVectors
                0x08000194                . = ALIGN (0x4)

.text           0x08000194     0x16a0
                0x08000194                . = ALIGN (0x4)
 *(.text)
 .text          0x08000194       0x40 c:/program files (x86)/atollic/truestudio for arm 7.1.2/armtools/bin/../lib/gcc/arm-atollic-eabi/5.3.1/armv7e-m/fpu/crtbegin.o
 *(.text*)
 .text.HAL_MspInit
                0x080001d4        0x2 Drivers\STM32F3xx_HAL_Driver\Src\stm32f3xx_hal.o
                0x080001d4                HAL_MspInit
 *fill*         0x080001d6        0x2 
 .text.HAL_InitTick
                0x080001d8       0x28 Drivers\STM32F3xx_HAL_Driver\Src\stm32f3xx_hal.o
                0x080001d8                HAL_InitTick
 .text.HAL_Init
                0x08000200       0x24 Drivers\STM32F3xx_HAL_Driver\Src\stm32f3xx_hal.o
                0x08000200                HAL_Init
 .text.HAL_IncTick
                0x08000224       0x10 Drivers\STM32F3xx_HAL_Driver\Src\stm32f3xx_hal.o
                0x08000224                HAL_IncTick
 .text.HAL_GetTick
                0x08000234        0xc Drivers\STM32F3xx_HAL_Driver\Src\stm32f3xx_hal.o
                0x08000234                HAL_GetTick
 .text.HAL_Delay
                0x08000240       0x20 Drivers\STM32F3xx_HAL_Driver\Src\stm32f3xx_hal.o
                0x08000240                HAL_Delay
 .text.HAL_NVIC_SetPriorityGrouping
                0x08000260       0x24 Drivers\STM32F3xx_HAL_Driver\Src\stm32f3xx_hal_cortex.o
                0x08000260                HAL_NVIC_SetPriorityGrouping
 .text.HAL_NVIC_SetPriority
                0x08000284       0x68 Drivers\STM32F3xx_HAL_Driver\Src\stm32f3xx_hal_cortex.o
                0x08000284                HAL_NVIC_SetPriority
 .text.HAL_NVIC_EnableIRQ
                0x080002ec       0x18 Drivers\STM32F3xx_HAL_Driver\Src\stm32f3xx_hal_cortex.o
                0x080002ec                HAL_NVIC_EnableIRQ
 .text.HAL_SYSTICK_Config
                0x08000304       0x2c Drivers\STM32F3xx_HAL_Driver\Src\stm32f3xx_hal_cortex.o
                0x08000304                HAL_SYSTICK_Config
 .text.HAL_GPIO_Init
                0x08000330      0x1a8 Drivers\STM32F3xx_HAL_Driver\Src\stm32f3xx_hal_gpio.o
                0x08000330                HAL_GPIO_Init
 .text.HAL_GPIO_ReadPin
                0x080004d8        0xc Drivers\STM32F3xx_HAL_Driver\Src\stm32f3xx_hal_gpio.o
                0x080004d8                HAL_GPIO_ReadPin
 .text.HAL_GPIO_WritePin
                0x080004e4        0xa Drivers\STM32F3xx_HAL_Driver\Src\stm32f3xx_hal_gpio.o
                0x080004e4                HAL_GPIO_WritePin
 .text.HAL_GPIO_TogglePin
                0x080004ee        0x8 Drivers\STM32F3xx_HAL_Driver\Src\stm32f3xx_hal_gpio.o
                0x080004ee                HAL_GPIO_TogglePin
 *fill*         0x080004f6        0x2 
 .text.HAL_RCC_OscConfig
                0x080004f8      0x514 Drivers\STM32F3xx_HAL_Driver\Src\stm32f3xx_hal_rcc.o
                0x080004f8                HAL_RCC_OscConfig
 .text.HAL_RCC_GetSysClockFreq
                0x08000a0c       0x58 Drivers\STM32F3xx_HAL_Driver\Src\stm32f3xx_hal_rcc.o
                0x08000a0c                HAL_RCC_GetSysClockFreq
 .text.HAL_RCC_ClockConfig
                0x08000a64      0x17c Drivers\STM32F3xx_HAL_Driver\Src\stm32f3xx_hal_rcc.o
                0x08000a64                HAL_RCC_ClockConfig
 .text.SPI_WaitFifoStateUntilTimeout.part.1
                0x08000be0       0x50 Drivers\STM32F3xx_HAL_Driver\Src\stm32f3xx_hal_spi.o
 .text.SPI_WaitFlagStateUntilTimeout
                0x08000c30       0x46 Drivers\STM32F3xx_HAL_Driver\Src\stm32f3xx_hal_spi.o
 .text.SPI_WaitFifoStateUntilTimeout
                0x08000c76       0x50 Drivers\STM32F3xx_HAL_Driver\Src\stm32f3xx_hal_spi.o
 .text.SPI_EndRxTxTransaction
                0x08000cc6       0x48 Drivers\STM32F3xx_HAL_Driver\Src\stm32f3xx_hal_spi.o
 .text.HAL_SPI_Init
                0x08000d0e       0xc0 Drivers\STM32F3xx_HAL_Driver\Src\stm32f3xx_hal_spi.o
                0x08000d0e                HAL_SPI_Init
 .text.HAL_SPI_Transmit
                0x08000dce      0x1a8 Drivers\STM32F3xx_HAL_Driver\Src\stm32f3xx_hal_spi.o
                0x08000dce                HAL_SPI_Transmit
 .text.HAL_SPI_TransmitReceive
                0x08000f76      0x35e Drivers\STM32F3xx_HAL_Driver\Src\stm32f3xx_hal_spi.o
                0x08000f76                HAL_SPI_TransmitReceive
 .text.SystemClock_Config
                0x080012d4       0x4a Src\main.o
                0x080012d4                SystemClock_Config
 *fill*         0x0800131e        0x2 
 .text.MX_GPIO_Init
                0x08001320       0x90 Src\main.o
                0x08001320                MX_GPIO_Init
 .text.send_data_to_spi
                0x080013b0       0x68 Src\main.o
                0x080013b0                send_data_to_spi
 .text.receive_data_to_spi
                0x08001418       0x78 Src\main.o
                0x08001418                receive_data_to_spi
 .text.startup.main
                0x08001490       0xcc Src\main.o
                0x08001490                main
 .text.HAL_SPI_MspInit
                0x0800155c       0xa0 Src\stm32f3xx_hal_msp.o
                0x0800155c                HAL_SPI_MspInit
 .text.NMI_Handler
                0x080015fc        0x2 Src\stm32f3xx_it.o
                0x080015fc                NMI_Handler
 .text.HardFault_Handler
                0x080015fe        0x2 Src\stm32f3xx_it.o
                0x080015fe                HardFault_Handler
 .text.MemManage_Handler
                0x08001600        0x2 Src\stm32f3xx_it.o
                0x08001600                MemManage_Handler
 .text.BusFault_Handler
                0x08001602        0x2 Src\stm32f3xx_it.o
                0x08001602                BusFault_Handler
 .text.UsageFault_Handler
                0x08001604        0x2 Src\stm32f3xx_it.o
                0x08001604                UsageFault_Handler
 .text.SVC_Handler
                0x08001606        0x2 Src\stm32f3xx_it.o
                0x08001606                SVC_Handler
 .text.DebugMon_Handler
                0x08001608        0x2 Src\stm32f3xx_it.o
                0x08001608                DebugMon_Handler
 .text.PendSV_Handler
                0x0800160a        0x2 Src\stm32f3xx_it.o
                0x0800160a                PendSV_Handler
 .text.SysTick_Handler
                0x0800160c        0x4 Src\stm32f3xx_it.o
                0x0800160c                SysTick_Handler
 .text.BSP_LED_Init
                0x08001610       0x50 Src\stm32f3xx_nucleo.o
                0x08001610                BSP_LED_Init
 .text.BSP_LED_Off
                0x08001660       0x14 Src\stm32f3xx_nucleo.o
                0x08001660                BSP_LED_Off
 .text.BSP_LED_Toggle
                0x08001674       0x10 Src\stm32f3xx_nucleo.o
                0x08001674                BSP_LED_Toggle
 .text.BSP_PB_Init
                0x08001684       0x78 Src\stm32f3xx_nucleo.o
                0x08001684                BSP_PB_Init
 .text.BSP_PB_GetState
                0x080016fc       0x18 Src\stm32f3xx_nucleo.o
                0x080016fc                BSP_PB_GetState
 .text.SystemInit
                0x08001714       0x68 Src\system_stm32f3xx.o
                0x08001714                SystemInit
 .text.Reset_Handler
                0x0800177c       0x50 startup\startup_stm32f303xe.o
                0x0800177c                Reset_Handler
 .text.Default_Handler
                0x080017cc        0x2 startup\startup_stm32f303xe.o
                0x080017cc                RTC_Alarm_IRQHandler
                0x080017cc                TIM8_TRG_COM_IRQHandler
                0x080017cc                TIM8_CC_IRQHandler
                0x080017cc                SPI4_IRQHandler
                0x080017cc                TIM1_CC_IRQHandler
                0x080017cc                USB_HP_IRQHandler
                0x080017cc                PVD_IRQHandler
                0x080017cc                TAMP_STAMP_IRQHandler
                0x080017cc                EXTI3_IRQHandler
                0x080017cc                I2C3_ER_IRQHandler
                0x080017cc                USB_HP_CAN_TX_IRQHandler
                0x080017cc                EXTI0_IRQHandler
                0x080017cc                I2C2_EV_IRQHandler
                0x080017cc                FPU_IRQHandler
                0x080017cc                TIM1_UP_TIM16_IRQHandler
                0x080017cc                ADC1_2_IRQHandler
                0x080017cc                SPI1_IRQHandler
                0x080017cc                CAN_SCE_IRQHandler
                0x080017cc                TIM6_DAC_IRQHandler
                0x080017cc                TIM8_UP_IRQHandler
                0x080017cc                DMA2_Channel2_IRQHandler
                0x080017cc                DMA1_Channel4_IRQHandler
                0x080017cc                TIM20_TRG_COM_IRQHandler
                0x080017cc                USART3_IRQHandler
                0x080017cc                DMA1_Channel7_IRQHandler
                0x080017cc                UART5_IRQHandler
                0x080017cc                ADC3_IRQHandler
                0x080017cc                TIM4_IRQHandler
                0x080017cc                CAN_RX1_IRQHandler
                0x080017cc                DMA2_Channel1_IRQHandler
                0x080017cc                I2C1_EV_IRQHandler
                0x080017cc                DMA1_Channel6_IRQHandler
                0x080017cc                UART4_IRQHandler
                0x080017cc                DMA2_Channel4_IRQHandler
                0x080017cc                TIM3_IRQHandler
                0x080017cc                RCC_IRQHandler
                0x080017cc                TIM20_UP_IRQHandler
                0x080017cc                DMA1_Channel1_IRQHandler
                0x080017cc                Default_Handler
                0x080017cc                USBWakeUp_RMP_IRQHandler
                0x080017cc                EXTI15_10_IRQHandler
                0x080017cc                TIM7_IRQHandler
                0x080017cc                I2C3_EV_IRQHandler
                0x080017cc                EXTI9_5_IRQHandler
                0x080017cc                RTC_WKUP_IRQHandler
                0x080017cc                SPI2_IRQHandler
                0x080017cc                USB_LP_CAN_RX0_IRQHandler
                0x080017cc                DMA2_Channel5_IRQHandler
                0x080017cc                DMA1_Channel5_IRQHandler
                0x080017cc                USB_LP_IRQHandler
                0x080017cc                EXTI4_IRQHandler
                0x080017cc                TIM1_TRG_COM_TIM17_IRQHandler
                0x080017cc                DMA1_Channel3_IRQHandler
                0x080017cc                ADC4_IRQHandler
                0x080017cc                WWDG_IRQHandler
                0x080017cc                TIM2_IRQHandler
                0x080017cc                COMP7_IRQHandler
                0x080017cc                COMP1_2_3_IRQHandler
                0x080017cc                EXTI1_IRQHandler
                0x080017cc                USART2_IRQHandler
                0x080017cc                COMP4_5_6_IRQHandler
                0x080017cc                TIM20_BRK_IRQHandler
                0x080017cc                I2C2_ER_IRQHandler
                0x080017cc                DMA1_Channel2_IRQHandler
                0x080017cc                TIM8_BRK_IRQHandler
                0x080017cc                FLASH_IRQHandler
                0x080017cc                TIM20_CC_IRQHandler
                0x080017cc                USART1_IRQHandler
                0x080017cc                SPI3_IRQHandler
                0x080017cc                I2C1_ER_IRQHandler
                0x080017cc                FMC_IRQHandler
                0x080017cc                USBWakeUp_IRQHandler
                0x080017cc                DMA2_Channel3_IRQHandler
                0x080017cc                EXTI2_TSC_IRQHandler
                0x080017cc                TIM1_BRK_TIM15_IRQHandler
 *fill*         0x080017ce        0x2 
 .text.__libc_init_array
                0x080017d0       0x4c c:/program files (x86)/atollic/truestudio for arm 7.1.2/armtools/bin/../lib/gcc/arm-atollic-eabi/5.3.1/../../../../arm-atollic-eabi/lib/armv7e-m/fpu\libc_nano.a(lib_a-init.o)
                0x080017d0                __libc_init_array
 *(.glue_7)
 .glue_7        0x0800181c        0x0 linker stubs
 *(.glue_7t)
 .glue_7t       0x0800181c        0x0 linker stubs
 *(.eh_frame)
 .eh_frame      0x0800181c        0x0 c:/program files (x86)/atollic/truestudio for arm 7.1.2/armtools/bin/../lib/gcc/arm-atollic-eabi/5.3.1/armv7e-m/fpu/crtbegin.o
 *(.init)
 .init          0x0800181c        0x4 c:/program files (x86)/atollic/truestudio for arm 7.1.2/armtools/bin/../lib/gcc/arm-atollic-eabi/5.3.1/armv7e-m/fpu/crti.o
                0x0800181c                _init
 .init          0x08001820        0x8 c:/program files (x86)/atollic/truestudio for arm 7.1.2/armtools/bin/../lib/gcc/arm-atollic-eabi/5.3.1/armv7e-m/fpu/crtn.o
 *(.fini)
 .fini          0x08001828        0x4 c:/program files (x86)/atollic/truestudio for arm 7.1.2/armtools/bin/../lib/gcc/arm-atollic-eabi/5.3.1/armv7e-m/fpu/crti.o
                0x08001828                _fini
 .fini          0x0800182c        0x8 c:/program files (x86)/atollic/truestudio for arm 7.1.2/armtools/bin/../lib/gcc/arm-atollic-eabi/5.3.1/armv7e-m/fpu/crtn.o
                0x08001834                . = ALIGN (0x4)
                0x08001834                _etext = .

.vfp11_veneer   0x08001834        0x0
 .vfp11_veneer  0x08001834        0x0 linker stubs

.v4_bx          0x08001834        0x0
 .v4_bx         0x08001834        0x0 linker stubs

.iplt           0x08001834        0x0
 .iplt          0x08001834        0x0 c:/program files (x86)/atollic/truestudio for arm 7.1.2/armtools/bin/../lib/gcc/arm-atollic-eabi/5.3.1/armv7e-m/fpu/crtbegin.o

.rodata         0x08001834       0x30
                0x08001834                . = ALIGN (0x4)
 *(.rodata)
 *(.rodata*)
 .rodata.aPredivFactorTable
                0x08001834       0x10 Drivers\STM32F3xx_HAL_Driver\Src\stm32f3xx_hal_rcc.o
                0x08001834                aPredivFactorTable
 .rodata.aPLLMULFactorTable
                0x08001844       0x10 Drivers\STM32F3xx_HAL_Driver\Src\stm32f3xx_hal_rcc.o
                0x08001844                aPLLMULFactorTable
 .rodata.AHBPrescTable
                0x08001854       0x10 Src\system_stm32f3xx.o
                0x08001854                AHBPrescTable
                0x08001864                . = ALIGN (0x4)

.rel.dyn        0x08001864        0x0
 .rel.iplt      0x08001864        0x0 c:/program files (x86)/atollic/truestudio for arm 7.1.2/armtools/bin/../lib/gcc/arm-atollic-eabi/5.3.1/armv7e-m/fpu/crtbegin.o

.ARM.extab
 *(.ARM.extab* .gnu.linkonce.armextab.*)

.ARM            0x08001864        0x0
                0x08001864                __exidx_start = .
 *(.ARM.exidx*)
                0x08001864                __exidx_end = .

.preinit_array  0x08001864        0x0
                0x08001864                PROVIDE (__preinit_array_start, .)
 *(.preinit_array*)
                0x08001864                PROVIDE (__preinit_array_end, .)

.init_array     0x08001864        0x4
                0x08001864                PROVIDE (__init_array_start, .)
 *(SORT(.init_array.*))
 *(.init_array*)
 .init_array    0x08001864        0x4 c:/program files (x86)/atollic/truestudio for arm 7.1.2/armtools/bin/../lib/gcc/arm-atollic-eabi/5.3.1/armv7e-m/fpu/crtbegin.o
                0x08001868                PROVIDE (__init_array_end, .)

.fini_array     0x08001868        0x4
                [!provide]                PROVIDE (__fini_array_start, .)
 *(SORT(.fini_array.*))
 *(.fini_array*)
 .fini_array    0x08001868        0x4 c:/program files (x86)/atollic/truestudio for arm 7.1.2/armtools/bin/../lib/gcc/arm-atollic-eabi/5.3.1/armv7e-m/fpu/crtbegin.o
                [!provide]                PROVIDE (__fini_array_end, .)
                0x0800186c                _sidata = LOADADDR (.data)

.data           0x20000000        0xc load address 0x0800186c
                0x20000000                . = ALIGN (0x4)
                0x20000000                _sdata = .
 *(.data)
 *(.data*)
 .data.BUTTON_PORT
                0x20000000        0x4 Src\stm32f3xx_nucleo.o
                0x20000000                BUTTON_PORT
 .data.LED_PORT
                0x20000004        0x4 Src\stm32f3xx_nucleo.o
                0x20000004                LED_PORT
 .data.SystemCoreClock
                0x20000008        0x4 Src\system_stm32f3xx.o
                0x20000008                SystemCoreClock
                0x2000000c                . = ALIGN (0x4)
                0x2000000c                _edata = .
                0x08001878                _siccmram = LOADADDR (.ccmram)

.igot.plt       0x2000000c        0x0 load address 0x08001878
 .igot.plt      0x2000000c        0x0 c:/program files (x86)/atollic/truestudio for arm 7.1.2/armtools/bin/../lib/gcc/arm-atollic-eabi/5.3.1/armv7e-m/fpu/crtbegin.o

.ccmram         0x10000000        0x0 load address 0x08001878
                0x10000000                . = ALIGN (0x4)
                0x10000000                _sccmram = .
 *(.ccmram)
 *(.ccmram*)
                0x10000000                . = ALIGN (0x4)
                0x10000000                _eccmram = .
                0x10000000                . = ALIGN (0x4)

.bss            0x2000000c       0xf8
                0x2000000c                _sbss = .
                0x2000000c                __bss_start__ = _sbss
 *(.bss)
 .bss           0x2000000c       0x1c c:/program files (x86)/atollic/truestudio for arm 7.1.2/armtools/bin/../lib/gcc/arm-atollic-eabi/5.3.1/armv7e-m/fpu/crtbegin.o
 *(.bss*)
 *(COMMON)
 COMMON         0x20000028        0x4 Drivers\STM32F3xx_HAL_Driver\Src\stm32f3xx_hal.o
                0x20000028                uwTick
 COMMON         0x2000002c       0xd7 Src\main.o
                0x2000002c                SpiHandle
                0x20000090                aRxBuffer
                0x20000104                . = ALIGN (0x4)
 *fill*         0x20000103        0x1 
                0x20000104                _ebss = .
                0x20000104                __bss_end__ = _ebss

._user_heap_stack
                0x20000104      0x600
                0x20000104                . = ALIGN (0x4)
                [!provide]                PROVIDE (end, .)
                [!provide]                PROVIDE (_end, .)
                0x20000304                . = (. + _Min_Heap_Size)
 *fill*         0x20000104      0x200 
                0x20000704                . = (. + _Min_Stack_Size)
 *fill*         0x20000304      0x400 
                0x20000704                . = ALIGN (0x4)

/DISCARD/
 libc.a(*)
 libm.a(*)
 libgcc.a(*)

.ARM.attributes
                0x00000000       0x30
 *(.ARM.attributes)
 .ARM.attributes
                0x00000000       0x22 c:/program files (x86)/atollic/truestudio for arm 7.1.2/armtools/bin/../lib/gcc/arm-atollic-eabi/5.3.1/armv7e-m/fpu/crti.o
 .ARM.attributes
                0x00000022       0x34 c:/program files (x86)/atollic/truestudio for arm 7.1.2/armtools/bin/../lib/gcc/arm-atollic-eabi/5.3.1/armv7e-m/fpu/crtbegin.o
 .ARM.attributes
                0x00000056       0x39 Drivers\STM32F3xx_HAL_Driver\Src\stm32f3xx_hal.o
 .ARM.attributes
                0x0000008f       0x39 Drivers\STM32F3xx_HAL_Driver\Src\stm32f3xx_hal_cortex.o
 .ARM.attributes
                0x000000c8       0x39 Drivers\STM32F3xx_HAL_Driver\Src\stm32f3xx_hal_gpio.o
 .ARM.attributes
                0x00000101       0x39 Drivers\STM32F3xx_HAL_Driver\Src\stm32f3xx_hal_rcc.o
 .ARM.attributes
                0x0000013a       0x39 Drivers\STM32F3xx_HAL_Driver\Src\stm32f3xx_hal_spi.o
 .ARM.attributes
                0x00000173       0x39 Src\main.o
 .ARM.attributes
                0x000001ac       0x39 Src\stm32f3xx_hal_msp.o
 .ARM.attributes
                0x000001e5       0x39 Src\stm32f3xx_it.o
 .ARM.attributes
                0x0000021e       0x39 Src\stm32f3xx_nucleo.o
 .ARM.attributes
                0x00000257       0x39 Src\system_stm32f3xx.o
 .ARM.attributes
                0x00000290       0x21 startup\startup_stm32f303xe.o
 .ARM.attributes
                0x000002b1       0x34 c:/program files (x86)/atollic/truestudio for arm 7.1.2/armtools/bin/../lib/gcc/arm-atollic-eabi/5.3.1/../../../../arm-atollic-eabi/lib/armv7e-m/fpu\libc_nano.a(lib_a-init.o)
 .ARM.attributes
                0x000002e5       0x22 c:/program files (x86)/atollic/truestudio for arm 7.1.2/armtools/bin/../lib/gcc/arm-atollic-eabi/5.3.1/armv7e-m/fpu/crtn.o
OUTPUT(SPI_Interface.elf elf32-littlearm)

.debug_info     0x00000000     0x87f3
 .debug_info    0x00000000      0x76f Drivers\STM32F3xx_HAL_Driver\Src\stm32f3xx_hal.o
 .debug_info    0x0000076f      0xe95 Drivers\STM32F3xx_HAL_Driver\Src\stm32f3xx_hal_cortex.o
 .debug_info    0x00001604      0x727 Drivers\STM32F3xx_HAL_Driver\Src\stm32f3xx_hal_gpio.o
 .debug_info    0x00001d2b     0x1325 Drivers\STM32F3xx_HAL_Driver\Src\stm32f3xx_hal_rcc.o
 .debug_info    0x00003050     0x2207 Drivers\STM32F3xx_HAL_Driver\Src\stm32f3xx_hal_spi.o
 .debug_info    0x00005257      0xef3 Src\main.o
 .debug_info    0x0000614a      0x8c0 Src\stm32f3xx_hal_msp.o
 .debug_info    0x00006a0a      0x12e Src\stm32f3xx_it.o
 .debug_info    0x00006b38     0x17f3 Src\stm32f3xx_nucleo.o
 .debug_info    0x0000832b      0x400 Src\system_stm32f3xx.o
 .debug_info    0x0000872b       0xc8 startup\startup_stm32f303xe.o

.debug_abbrev   0x00000000     0x15ae
 .debug_abbrev  0x00000000      0x1df Drivers\STM32F3xx_HAL_Driver\Src\stm32f3xx_hal.o
 .debug_abbrev  0x000001df      0x313 Drivers\STM32F3xx_HAL_Driver\Src\stm32f3xx_hal_cortex.o
 .debug_abbrev  0x000004f2      0x1c8 Drivers\STM32F3xx_HAL_Driver\Src\stm32f3xx_hal_gpio.o
 .debug_abbrev  0x000006ba      0x2b0 Drivers\STM32F3xx_HAL_Driver\Src\stm32f3xx_hal_rcc.o
 .debug_abbrev  0x0000096a      0x34d Drivers\STM32F3xx_HAL_Driver\Src\stm32f3xx_hal_spi.o
 .debug_abbrev  0x00000cb7      0x215 Src\main.o
 .debug_abbrev  0x00000ecc      0x19a Src\stm32f3xx_hal_msp.o
 .debug_abbrev  0x00001066       0xc4 Src\stm32f3xx_it.o
 .debug_abbrev  0x0000112a      0x371 Src\stm32f3xx_nucleo.o
 .debug_abbrev  0x0000149b      0x101 Src\system_stm32f3xx.o
 .debug_abbrev  0x0000159c       0x12 startup\startup_stm32f303xe.o

.debug_loc      0x00000000     0x3630
 .debug_loc     0x00000000       0x69 Drivers\STM32F3xx_HAL_Driver\Src\stm32f3xx_hal.o
 .debug_loc     0x00000069      0x4cc Drivers\STM32F3xx_HAL_Driver\Src\stm32f3xx_hal_cortex.o
 .debug_loc     0x00000535      0x280 Drivers\STM32F3xx_HAL_Driver\Src\stm32f3xx_hal_gpio.o
 .debug_loc     0x000007b5      0x8f0 Drivers\STM32F3xx_HAL_Driver\Src\stm32f3xx_hal_rcc.o
 .debug_loc     0x000010a5     0x1c45 Drivers\STM32F3xx_HAL_Driver\Src\stm32f3xx_hal_spi.o
 .debug_loc     0x00002cea      0x1d5 Src\main.o
 .debug_loc     0x00002ebf       0x4d Src\stm32f3xx_hal_msp.o
 .debug_loc     0x00002f0c      0x65e Src\stm32f3xx_nucleo.o
 .debug_loc     0x0000356a       0xc6 Src\system_stm32f3xx.o

.debug_aranges  0x00000000      0x5e8
 .debug_aranges
                0x00000000       0xc0 Drivers\STM32F3xx_HAL_Driver\Src\stm32f3xx_hal.o
 .debug_aranges
                0x000000c0       0xa8 Drivers\STM32F3xx_HAL_Driver\Src\stm32f3xx_hal_cortex.o
 .debug_aranges
                0x00000168       0x58 Drivers\STM32F3xx_HAL_Driver\Src\stm32f3xx_hal_gpio.o
 .debug_aranges
                0x000001c0       0x88 Drivers\STM32F3xx_HAL_Driver\Src\stm32f3xx_hal_rcc.o
 .debug_aranges
                0x00000248      0x1b8 Drivers\STM32F3xx_HAL_Driver\Src\stm32f3xx_hal_spi.o
 .debug_aranges
                0x00000400       0x40 Src\main.o
 .debug_aranges
                0x00000440       0x28 Src\stm32f3xx_hal_msp.o
 .debug_aranges
                0x00000468       0x48 Src\stm32f3xx_it.o
 .debug_aranges
                0x000004b0       0xe8 Src\stm32f3xx_nucleo.o
 .debug_aranges
                0x00000598       0x28 Src\system_stm32f3xx.o
 .debug_aranges
                0x000005c0       0x28 startup\startup_stm32f303xe.o

.debug_ranges   0x00000000      0x990
 .debug_ranges  0x00000000       0xb0 Drivers\STM32F3xx_HAL_Driver\Src\stm32f3xx_hal.o
 .debug_ranges  0x000000b0      0x158 Drivers\STM32F3xx_HAL_Driver\Src\stm32f3xx_hal_cortex.o
 .debug_ranges  0x00000208       0x68 Drivers\STM32F3xx_HAL_Driver\Src\stm32f3xx_hal_gpio.o
 .debug_ranges  0x00000270      0x1e8 Drivers\STM32F3xx_HAL_Driver\Src\stm32f3xx_hal_rcc.o
 .debug_ranges  0x00000458      0x238 Drivers\STM32F3xx_HAL_Driver\Src\stm32f3xx_hal_spi.o
 .debug_ranges  0x00000690       0x78 Src\main.o
 .debug_ranges  0x00000708       0x50 Src\stm32f3xx_hal_msp.o
 .debug_ranges  0x00000758       0x38 Src\stm32f3xx_it.o
 .debug_ranges  0x00000790      0x1c8 Src\stm32f3xx_nucleo.o
 .debug_ranges  0x00000958       0x18 Src\system_stm32f3xx.o
 .debug_ranges  0x00000970       0x20 startup\startup_stm32f303xe.o

.debug_line     0x00000000     0x2fcc
 .debug_line    0x00000000      0x38b Drivers\STM32F3xx_HAL_Driver\Src\stm32f3xx_hal.o
 .debug_line    0x0000038b      0x418 Drivers\STM32F3xx_HAL_Driver\Src\stm32f3xx_hal_cortex.o
 .debug_line    0x000007a3      0x3b9 Drivers\STM32F3xx_HAL_Driver\Src\stm32f3xx_hal_gpio.o
 .debug_line    0x00000b5c      0x7ae Drivers\STM32F3xx_HAL_Driver\Src\stm32f3xx_hal_rcc.o
 .debug_line    0x0000130a      0xdc3 Drivers\STM32F3xx_HAL_Driver\Src\stm32f3xx_hal_spi.o
 .debug_line    0x000020cd      0x31b Src\main.o
 .debug_line    0x000023e8      0x256 Src\stm32f3xx_hal_msp.o
 .debug_line    0x0000263e      0x1d6 Src\stm32f3xx_it.o
 .debug_line    0x00002814      0x57b Src\stm32f3xx_nucleo.o
 .debug_line    0x00002d8f      0x1be Src\system_stm32f3xx.o
 .debug_line    0x00002f4d       0x7f startup\startup_stm32f303xe.o

.debug_str      0x00000000     0x204e
 .debug_str     0x00000000      0x982 Drivers\STM32F3xx_HAL_Driver\Src\stm32f3xx_hal.o
                                0x9dc (size before relaxing)
 .debug_str     0x00000982      0x3fa Drivers\STM32F3xx_HAL_Driver\Src\stm32f3xx_hal_cortex.o
                                0xc3d (size before relaxing)
 .debug_str     0x00000d7c      0x24d Drivers\STM32F3xx_HAL_Driver\Src\stm32f3xx_hal_gpio.o
                                0x543 (size before relaxing)
 .debug_str     0x00000fc9      0x330 Drivers\STM32F3xx_HAL_Driver\Src\stm32f3xx_hal_rcc.o
                                0x6e0 (size before relaxing)
 .debug_str     0x000012f9      0x8a3 Drivers\STM32F3xx_HAL_Driver\Src\stm32f3xx_hal_spi.o
                                0xba8 (size before relaxing)
 .debug_str     0x00001b9c      0x138 Src\main.o
                                0x9d3 (size before relaxing)
 .debug_str     0x00001cd4       0x3d Src\stm32f3xx_hal_msp.o
                                0x732 (size before relaxing)
 .debug_str     0x00001d11       0x7d Src\stm32f3xx_it.o
                                0x291 (size before relaxing)
 .debug_str     0x00001d8e      0x266 Src\stm32f3xx_nucleo.o
                                0xfd5 (size before relaxing)
 .debug_str     0x00001ff4       0x5a Src\system_stm32f3xx.o
                                0x365 (size before relaxing)

.comment        0x00000000       0x7e
 .comment       0x00000000       0x7e Drivers\STM32F3xx_HAL_Driver\Src\stm32f3xx_hal.o
                                 0x7f (size before relaxing)
 .comment       0x0000007e       0x7f Drivers\STM32F3xx_HAL_Driver\Src\stm32f3xx_hal_cortex.o
 .comment       0x0000007e       0x7f Drivers\STM32F3xx_HAL_Driver\Src\stm32f3xx_hal_gpio.o
 .comment       0x0000007e       0x7f Drivers\STM32F3xx_HAL_Driver\Src\stm32f3xx_hal_rcc.o
 .comment       0x0000007e       0x7f Drivers\STM32F3xx_HAL_Driver\Src\stm32f3xx_hal_spi.o
 .comment       0x0000007e       0x7f Src\main.o
 .comment       0x0000007e       0x7f Src\stm32f3xx_hal_msp.o
 .comment       0x0000007e       0x7f Src\stm32f3xx_it.o
 .comment       0x0000007e       0x7f Src\stm32f3xx_nucleo.o
 .comment       0x0000007e       0x7f Src\system_stm32f3xx.o

.debug_frame    0x00000000      0xfc8
 .debug_frame   0x00000000      0x194 Drivers\STM32F3xx_HAL_Driver\Src\stm32f3xx_hal.o
 .debug_frame   0x00000194      0x150 Drivers\STM32F3xx_HAL_Driver\Src\stm32f3xx_hal_cortex.o
 .debug_frame   0x000002e4       0xd8 Drivers\STM32F3xx_HAL_Driver\Src\stm32f3xx_hal_gpio.o
 .debug_frame   0x000003bc      0x134 Drivers\STM32F3xx_HAL_Driver\Src\stm32f3xx_hal_rcc.o
 .debug_frame   0x000004f0      0x5fc Drivers\STM32F3xx_HAL_Driver\Src\stm32f3xx_hal_spi.o
 .debug_frame   0x00000aec       0xac Src\main.o
 .debug_frame   0x00000b98       0x50 Src\stm32f3xx_hal_msp.o
 .debug_frame   0x00000be8       0xa0 Src\stm32f3xx_it.o
 .debug_frame   0x00000c88      0x2dc Src\stm32f3xx_nucleo.o
 .debug_frame   0x00000f64       0x38 Src\system_stm32f3xx.o
 .debug_frame   0x00000f9c       0x2c c:/program files (x86)/atollic/truestudio for arm 7.1.2/armtools/bin/../lib/gcc/arm-atollic-eabi/5.3.1/../../../../arm-atollic-eabi/lib/armv7e-m/fpu\libc_nano.a(lib_a-init.o)
