stm32f3xx_nucleo.c:371:13:SPIx_Init	56	static
stm32f3xx_nucleo.c:472:13:SPIx_Error	8	static
stm32f3xx_nucleo.c:430:17:SPIx_Read	24	static
stm32f3xx_nucleo.c:453:13:SPIx_Write	32	static
stm32f3xx_nucleo.c:165:10:BSP_GetVersion	0	static
stm32f3xx_nucleo.c:177:6:BSP_LED_Init	48	static
stm32f3xx_nucleo.c:204:6:BSP_LED_DeInit	16	static
stm32f3xx_nucleo.c:222:6:BSP_LED_On	0	static
stm32f3xx_nucleo.c:234:6:BSP_LED_Off	0	static
stm32f3xx_nucleo.c:246:6:BSP_LED_Toggle	0	static
stm32f3xx_nucleo.c:262:6:BSP_PB_Init	32	static
stm32f3xx_nucleo.c:300:6:BSP_PB_DeInit	8	static
stm32f3xx_nucleo.c:315:10:BSP_PB_GetState	8	static
stm32f3xx_nucleo.c:534:6:SD_IO_CSState	0	static
stm32f3xx_nucleo.c:553:6:SD_IO_WriteReadData	16	static
stm32f3xx_nucleo.c:565:9:SD_IO_ReadByte	8	static
stm32f3xx_nucleo.c:619:19:SD_IO_WaitResponse	16	static
stm32f3xx_nucleo.c:646:9:SD_IO_WriteByte	32	static
stm32f3xx_nucleo.c:498:6:SD_IO_Init	40	static
stm32f3xx_nucleo.c:584:19:SD_IO_WriteCmd	24	static
stm32f3xx_nucleo.c:658:6:SD_IO_WriteDummy	8	static
stm32f3xx_nucleo.c:672:6:LCD_IO_Init	48	static
stm32f3xx_nucleo.c:703:6:LCD_IO_WriteReg	16	static
stm32f3xx_nucleo.c:724:6:LCD_IO_WriteData	16	static
stm32f3xx_nucleo.c:745:6:LCD_IO_WriteMultipleData	24	static
stm32f3xx_nucleo.c:801:6:LCD_Delay	0	static
